current directory: /home/mlf/smart_ai/smart_todo/vendor/bundle/ruby/4.0.0/gems/json-2.18.1/ext/json/ext/parser
/usr/local/bin/ruby extconf.rb
checking for rb_enc_interned_str() in ruby/encoding.h... yes
checking for rb_str_to_interned_str() in ruby.h... yes
checking for rb_hash_new_capa() in ruby.h... yes
checking for rb_hash_bulk_insert() in ruby.h... yes
checking for whether -std=c99 is accepted as CFLAGS... yes
checking for x86intrin.h... yes
checking for cpuid.h... yes
creating Makefile

current directory: /home/mlf/smart_ai/smart_todo/vendor/bundle/ruby/4.0.0/gems/json-2.18.1/ext/json/ext/parser
make -j37 DESTDIR\= sitearchdir\=./.gem.20260226-59715-uqkylz sitelibdir\=./.gem.20260226-59715-uqkylz clean

current directory: /home/mlf/smart_ai/smart_todo/vendor/bundle/ruby/4.0.0/gems/json-2.18.1/ext/json/ext/parser
make -j37 DESTDIR\= sitearchdir\=./.gem.20260226-59715-uqkylz sitelibdir\=./.gem.20260226-59715-uqkylz
compiling parser.c
linking shared-object json/ext/parser.so

current directory: /home/mlf/smart_ai/smart_todo/vendor/bundle/ruby/4.0.0/gems/json-2.18.1/ext/json/ext/parser
make -j37 DESTDIR\= sitearchdir\=./.gem.20260226-59715-uqkylz sitelibdir\=./.gem.20260226-59715-uqkylz install
/usr/bin/install -c -m 0755 parser.so ./.gem.20260226-59715-uqkylz/json/ext

current directory: /home/mlf/smart_ai/smart_todo/vendor/bundle/ruby/4.0.0/gems/json-2.18.1/ext/json/ext/parser
make DESTDIR\= sitearchdir\=./.gem.20260226-59715-uqkylz sitelibdir\=./.gem.20260226-59715-uqkylz clean
